
> temp-app@0.1.0 build
> next build

   ??Next.js 15.4.1

   Creating an optimized production build ...
 ??Compiled successfully in 5.0s
   Skipping validation of types
   Skipping linting
   Collecting page data ...
node.exe :  ??Using edge runtime on a page currently disables static
 generation for that page
위치 줄:1 문자:1
+ & "C:\Program Files\nodejs/node.exe" "C:\Program Files\nodejs/node
_mo ...
+ ~~~~~~~~~~~~~~~~~~~~~~~~~~~~~~~~~~~~~~~~~~~~~~~~~~~~~~~~~~~~~~~~~~
~~~
    + CategoryInfo          : NotSpecified: ( ??Using edge r...n fo 
   r that page:String) [], RemoteException
    + FullyQualifiedErrorId : NativeCommandError
 
   Generating static pages (0/6) ...
   Generating static pages (1/6) 
   Generating static pages (2/6) 
   Generating static pages (4/6) 
 ??Generating static pages (6/6)
   Finalizing page optimization ...
   Collecting build traces ...

Route (app)                                 Size  First Load JS
????/                                    5.31 kB         108 kB
????/_not-found                            992 B         101 kB
??? /api/auth/[...auth]                    127 B        99.8 kB
??? /dashboard                           1.15 kB         116 kB
??? /dashboard/pets/new                  12.2 kB         130 kB
????/login                               15.2 kB         130 kB
??? /profile/[pet_id]                    4.16 kB         122 kB
??? /t/[tag_id]                            127 B        99.8 kB
+ First Load JS shared by all            99.7 kB
  ??chunks/4bd1b696-cf72ae8a39fa05aa.js  54.1 kB
  ??chunks/964-eda38e26c0391a47.js       43.5 kB
  ??other shared chunks (total)          2.02 kB


?? (Static)   prerendered as static content
?  (Dynamic)  server-rendered on demand

